npm warn ERESOLVE overriding peer dependency
npm warn While resolving: ox@0.6.9
npm warn Found: typescript@5.3.3
npm warn node_modules/typescript
npm warn   dev typescript@"~5.3.3" from the root project
npm warn   9 more (@solana/codecs-core, @solana/codecs-numbers, ...)
npm warn
npm warn Could not resolve dependency:
npm warn peerOptional typescript@">=5.4.0" from ox@0.6.9
npm warn node_modules/ox
npm warn   ox@"0.6.9" from @base-org/account@2.0.1
npm warn   node_modules/@base-org/account
npm warn
npm warn Conflicting peer dependency: typescript@5.9.3
npm warn node_modules/typescript
npm warn   peerOptional typescript@">=5.4.0" from ox@0.6.9
npm warn   node_modules/ox
npm warn     ox@"0.6.9" from @base-org/account@2.0.1
npm warn     node_modules/@base-org/account
npm warn ERESOLVE overriding peer dependency
npm warn While resolving: ox@0.12.1
npm warn Found: typescript@5.3.3
npm warn node_modules/typescript
npm warn   dev typescript@"~5.3.3" from the root project
npm warn   9 more (@solana/codecs-core, @solana/codecs-numbers, ...)
npm warn
npm warn Could not resolve dependency:
npm warn peerOptional typescript@">=5.4.0" from ox@0.12.1
npm warn node_modules/viem/node_modules/ox
npm warn   ox@"0.12.1" from viem@2.46.1
npm warn   node_modules/viem
npm warn
npm warn Conflicting peer dependency: typescript@5.9.3
npm warn node_modules/typescript
npm warn   peerOptional typescript@">=5.4.0" from ox@0.12.1
npm warn   node_modules/viem/node_modules/ox
npm warn     ox@"0.12.1" from viem@2.46.1
npm warn     node_modules/viem
npm warn deprecated inflight@1.0.6: This module is not supported, and leaks memory. Do not use it. Check out lru-cache if you want a good and tested way to coalesce async requests by a key value, which is much more comprehensive and powerful.
npm warn deprecated glob@7.2.3: Old versions of glob are not supported, and contain widely publicized security vulnerabilities, which have been fixed in the current version. Please update. Support for old versions may be purchased (at exorbitant rates) by contacting i@izs.me
npm warn deprecated glob@7.2.3: Old versions of glob are not supported, and contain widely publicized security vulnerabilities, which have been fixed in the current version. Please update. Support for old versions may be purchased (at exorbitant rates) by contacting i@izs.me
npm warn deprecated glob@7.2.3: Old versions of glob are not supported, and contain widely publicized security vulnerabilities, which have been fixed in the current version. Please update. Support for old versions may be purchased (at exorbitant rates) by contacting i@izs.me
npm warn deprecated glob@7.2.3: Old versions of glob are not supported, and contain widely publicized security vulnerabilities, which have been fixed in the current version. Please update. Support for old versions may be purchased (at exorbitant rates) by contacting i@izs.me
npm warn deprecated glob@7.2.3: Old versions of glob are not supported, and contain widely publicized security vulnerabilities, which have been fixed in the current version. Please update. Support for old versions may be purchased (at exorbitant rates) by contacting i@izs.me
npm warn deprecated glob@7.2.3: Old versions of glob are not supported, and contain widely publicized security vulnerabilities, which have been fixed in the current version. Please update. Support for old versions may be purchased (at exorbitant rates) by contacting i@izs.me
npm warn deprecated rimraf@3.0.2: Rimraf versions prior to v4 are no longer supported
npm warn deprecated @xmldom/xmldom@0.7.13: this version is no longer supported, please update to at least 0.8.*
npm warn deprecated @babel/plugin-proposal-nullish-coalescing-operator@7.18.6: This proposal has been merged to the ECMAScript standard and thus this plugin is no longer maintained. Please use @babel/plugin-transform-nullish-coalescing-operator instead.
npm warn deprecated @babel/plugin-proposal-class-properties@7.18.6: This proposal has been merged to the ECMAScript standard and thus this plugin is no longer maintained. Please use @babel/plugin-transform-class-properties instead.
npm warn deprecated @babel/plugin-proposal-optional-chaining@7.21.0: This proposal has been merged to the ECMAScript standard and thus this plugin is no longer maintained. Please use @babel/plugin-transform-optional-chaining instead.
npm warn deprecated rimraf@2.6.3: Rimraf versions prior to v4 are no longer supported
npm warn deprecated tar@6.2.1: Old versions of tar are not supported, and contain widely publicized security vulnerabilities, which have been fixed in the current version. Please update. Support for old versions may be purchased (at exorbitant rates) by contacting i@izs.me
npm warn deprecated glob@10.5.0: Old versions of glob are not supported, and contain widely publicized security vulnerabilities, which have been fixed in the current version. Please update. Support for old versions may be purchased (at exorbitant rates) by contacting i@izs.me

added 1275 packages, and audited 1276 packages in 51s

120 packages are looking for funding
  run `npm fund` for details

4 high severity vulnerabilities

To address all issues (including breaking changes), run:
  npm audit fix --force

Run `npm audit` for details.
